[14.09.26 12:49:16][main.py][89]> D: ------------------------------------------------------------------
[14.09.26 12:50:46][cardinal_tools.py][111]> I: Выполняю проверку прокси...
[14.09.26 12:50:56][cardinal_tools.py][115]> E: Не удалось подключиться к прокси. Убедитесь, что данные введены верно.
[14.09.26 12:50:56][cardinal_tools.py][116]> D: TRACEBACK
Traceback (most recent call last):
  File "C:\Users\lvale\AppData\Local\Programs\Python\Python311\Lib\site-packages\urllib3\connectionpool.py", line 713, in urlopen
    self._prepare_proxy(conn)
  File "C:\Users\lvale\AppData\Local\Programs\Python\Python311\Lib\site-packages\urllib3\connectionpool.py", line 1015, in _prepare_proxy
    conn.connect()
  File "C:\Users\lvale\AppData\Local\Programs\Python\Python311\Lib\site-packages\urllib3\connection.py", line 374, in connect
    self._tunnel()
  File "C:\Users\lvale\AppData\Local\Programs\Python\Python311\Lib\http\client.py", line 920, in _tunnel
    (version, code, message) = response._read_status()
                               ^^^^^^^^^^^^^^^^^^^^^^^
  File "C:\Users\lvale\AppData\Local\Programs\Python\Python311\Lib\http\client.py", line 279, in _read_status
    line = str(self.fp.readline(_MAXLINE + 1), "iso-8859-1")
               ^^^^^^^^^^^^^^^^^^^^^^^^^^^^^^
  File "C:\Users\lvale\AppData\Local\Programs\Python\Python311\Lib\socket.py", line 705, in readinto
    return self._sock.recv_into(b)
           ^^^^^^^^^^^^^^^^^^^^^^^
TimeoutError: timed out

During handling of the above exception, another exception occurred:

Traceback (most recent call last):
  File "C:\Users\lvale\AppData\Local\Programs\Python\Python311\Lib\site-packages\requests\adapters.py", line 489, in send
    resp = conn.urlopen(
           ^^^^^^^^^^^^^
  File "C:\Users\lvale\AppData\Local\Programs\Python\Python311\Lib\site-packages\urllib3\connectionpool.py", line 802, in urlopen
    retries = retries.increment(
              ^^^^^^^^^^^^^^^^^^
  File "C:\Users\lvale\AppData\Local\Programs\Python\Python311\Lib\site-packages\urllib3\util\retry.py", line 594, in increment
    raise MaxRetryError(_pool, url, error or ResponseError(cause))
urllib3.exceptions.MaxRetryError: HTTPSConnectionPool(host='api.ipify.org', port=443): Max retries exceeded with url: / (Caused by ProxyError('Cannot connect to proxy.', TimeoutError('timed out')))

During handling of the above exception, another exception occurred:

Traceback (most recent call last):
  File "C:\Users\lvale\Desktop\FunPayCardinal-main\Utils\cardinal_tools.py", line 113, in check_proxy
    response = requests.get("https://api.ipify.org/", proxies=proxy, timeout=10)
               ^^^^^^^^^^^^^^^^^^^^^^^^^^^^^^^^^^^^^^^^^^^^^^^^^^^^^^^^^^^^^^^^^
  File "C:\Users\lvale\AppData\Local\Programs\Python\Python311\Lib\site-packages\requests\api.py", line 73, in get
    return request("get", url, params=params, **kwargs)
           ^^^^^^^^^^^^^^^^^^^^^^^^^^^^^^^^^^^^^^^^^^^^
  File "C:\Users\lvale\AppData\Local\Programs\Python\Python311\Lib\site-packages\requests\api.py", line 59, in request
    return session.request(method=method, url=url, **kwargs)
           ^^^^^^^^^^^^^^^^^^^^^^^^^^^^^^^^^^^^^^^^^^^^^^^^^
  File "C:\Users\lvale\AppData\Local\Programs\Python\Python311\Lib\site-packages\requests\sessions.py", line 587, in request
    resp = self.send(prep, **send_kwargs)
           ^^^^^^^^^^^^^^^^^^^^^^^^^^^^^^
  File "C:\Users\lvale\AppData\Local\Programs\Python\Python311\Lib\site-packages\requests\sessions.py", line 701, in send
    r = adapter.send(request, **kwargs)
        ^^^^^^^^^^^^^^^^^^^^^^^^^^^^^^^
  File "C:\Users\lvale\AppData\Local\Programs\Python\Python311\Lib\site-packages\requests\adapters.py", line 559, in send
    raise ProxyError(e, request=request)
requests.exceptions.ProxyError: HTTPSConnectionPool(host='api.ipify.org', port=443): Max retries exceeded with url: / (Caused by ProxyError('Cannot connect to proxy.', TimeoutError('timed out')))
